// Jest Snapshot v1, https://goo.gl/fbAQLP

exports[`Contact renders correctly 1`] = `
Array [
  <div>
    Contact
  </div>,
  .c6 {
  background: #ffffff;
  border: solid 0.375rem #ffffff;
  color: #202f3c;
  font-family: "Roboto",sans-serif;
  font-size: 1.125rem;
  -webkit-letter-spacing: 2.3px;
  -moz-letter-spacing: 2.3px;
  -ms-letter-spacing: 2.3px;
  letter-spacing: 2.3px;
  line-height: 1;
  padding: 0.5625rem;
  position: relative;
  -webkit-text-decoration: none;
  text-decoration: none;
  text-transform: uppercase;
  -webkit-transition: background 0.3s,color 0.3s;
  transition: background 0.3s,color 0.3s;
}

.c6:hover {
  background: none;
  color: #ffffff;
}

.c2 {
  -webkit-align-items: center;
  -webkit-box-align: center;
  -ms-flex-align: center;
  align-items: center;
  display: -webkit-box;
  display: -webkit-flex;
  display: -ms-flexbox;
  display: flex;
  -webkit-flex-direction: column;
  -ms-flex-direction: column;
  flex-direction: column;
  margin-left: 3rem;
}

.c1 {
  color: #ffffff;
  font-family: "Roboto",sans-serif;
  font-size: 2.25rem;
  left: 0;
  -webkit-letter-spacing: 2.3px;
  -moz-letter-spacing: 2.3px;
  -ms-letter-spacing: 2.3px;
  letter-spacing: 2.3px;
  line-height: 1;
  margin: 0;
  padding-right: 0.75rem;
  position: absolute;
  text-transform: uppercase;
  -webkit-transform: rotate(-90deg);
  -ms-transform: rotate(-90deg);
  transform: rotate(-90deg);
  -webkit-transform-origin: 0 0;
  -ms-transform-origin: 0 0;
  transform-origin: 0 0;
}

.c1:after {
  color: #ffffff;
  content: 'â– ';
  bottom: 0.25rem;
  font-size: 0.75rem;
  position: absolute;
}

.c0 {
  -webkit-align-items: center;
  -webkit-box-align: center;
  -ms-flex-align: center;
  align-items: center;
  display: -webkit-box;
  display: -webkit-flex;
  display: -ms-flexbox;
  display: flex;
  -webkit-flex-direction: column;
  -ms-flex-direction: column;
  flex-direction: column;
  height: 100%;
  position: relative;
}

.c4 {
  -webkit-align-self: center;
  -ms-flex-item-align: center;
  align-self: center;
  font-size: 1.125rem;
  line-height: 1.25;
}

.c4 a {
  color: #49555e;
  position: relative;
  -webkit-transition: all 0.3s;
  transition: all 0.3s;
}

.c4 a:hover {
  color: #ffffff;
}

.c4 p {
  margin-bottom: 1.5rem;
}

.c4 p:last-child {
  margin-bottom: 0;
}

.c3 {
  margin-bottom: 3rem;
}

.c5 {
  -webkit-align-self: center;
  -ms-flex-item-align: center;
  align-self: center;
}

@media only screen and (min-width:768px) {
  .c2 {
    max-width: 37.5rem;
  }
}

@media only screen and (min-width:980px) {
  .c2 {
    max-width: 40.5rem;
  }
}

@media only screen and (min-width:980px) {
  .c1:after {
    bottom: 0;
    font-size: 1.5rem;
  }
}

@media only screen and (min-width:768px) {
  .c4 {
    line-height: 1.3333333333;
  }
}

@media only screen and (min-width:980px) {
  .c4 {
    margin-top: 3rem;
  }
}

<section
    className="c0"
  >
    <h2
      className="c1"
      style={
        Object {
          "marginTop": "-1.5rem",
          "opacity": 0,
          "top": "0",
        }
      }
    >
      Contact
    </h2>
    <div
      className="c2"
    >
      <div
        className="c3 c4"
        style={
          Object {
            "opacity": 0,
            "transform": "translateY(1.5rem)",
          }
        }
      >
        <p>
          I am available for contract work in Bristol, London and the South-West of the UK. If you would like to get in touch to discuss any opportunities, click the button below to drop me an email.
        </p>
        <p>
          Alternativly, view my projects on
           
          <a
            aria-label="View my projects on Github"
            href="https://github.com/nathan-kansu"
          >
            Github
          </a>
           
          or follow me on
           
          <a
            aria-label="Follow me on Instagram"
            href="https://www.instagram.com/nathan.kansu"
          >
            Instagram
          </a>
          .
        </p>
      </div>
      <a
        className="c5 c6"
        href="mailto:hello@kansu.co"
        style={
          Object {
            "opacity": 0,
            "transform": "translateY(-1.5rem)",
          }
        }
      >
        Contact
      </a>
    </div>
  </section>,
]
`;
