// Jest Snapshot v1, https://goo.gl/fbAQLP

exports[`GlobalStyles renders correctly 1`] = `null`;
