// Jest Snapshot v1, https://goo.gl/fbAQLP

exports[`Animation renders correctly 1`] = `
<canvas
  className=""
/>
`;
