// Jest Snapshot v1, https://goo.gl/fbAQLP

exports[`ButtonTextLink renders correctly 1`] = `
.c0 {
  background: #ffffff;
  border: solid 0.375rem #ffffff;
  color: #202f3c;
  font-family: "Roboto",sans-serif;
  font-size: 1.125rem;
  -webkit-letter-spacing: 2.3px;
  -moz-letter-spacing: 2.3px;
  -ms-letter-spacing: 2.3px;
  letter-spacing: 2.3px;
  line-height: 1;
  padding: 0.5625rem;
  position: relative;
  -webkit-text-decoration: none;
  text-decoration: none;
  text-transform: uppercase;
  -webkit-transition: background 0.3s,color 0.3s;
  transition: background 0.3s,color 0.3s;
}

.c0:hover {
  background: none;
  color: #ffffff;
}

<a
  className="foo c0"
  href="#"
  style={
    Object {
      "opacity": 0,
      "transform": "translateY(-1.5rem)",
    }
  }
>
  bar
</a>
`;
