// Jest Snapshot v1, https://goo.gl/fbAQLP

exports[`Canvas renders correctly 1`] = `
<canvas
  className=""
/>
`;
