// Jest Snapshot v1, https://goo.gl/fbAQLP

exports[`Heading renders correctly 1`] = `
<h2
  className="sc-bcXHqe lbGKhj"
>
  foo
</h2>
`;
